// Jest Snapshot v1, https://goo.gl/fbAQLP

exports[`CheckoutPage should correctly render 1`] = `
<Fragment>
  <WithStyles(CssBaseline) />
  <WithStyles(ForwardRef(AppBar))
    className="makeStyles-appBar-1"
    color="primary"
    position="absolute"
  >
    <WithStyles(ForwardRef(Toolbar))>
      <WithStyles(ForwardRef(Typography))
        color="inherit"
        noWrap={true}
        variant="h6"
      >
        <Link
          style={
            Object {
              "color": "#FFF",
              "textDecoration": "none",
            }
          }
          to="/login"
        >
          NextGenShop
        </Link>
      </WithStyles(ForwardRef(Typography))>
    </WithStyles(ForwardRef(Toolbar))>
  </WithStyles(ForwardRef(AppBar))>
  <main
    className="makeStyles-layout-2"
  >
    <WithStyles(ForwardRef(Paper))
      className="makeStyles-paper-3"
    >
      <StepForm />
    </WithStyles(ForwardRef(Paper))>
  </main>
</Fragment>
`;

exports[`CheckoutPage should correctly render with props 1`] = `
<Fragment>
  <WithStyles(CssBaseline) />
  <WithStyles(ForwardRef(AppBar))
    className="makeStyles-appBar-1"
    color="primary"
    position="absolute"
  >
    <WithStyles(ForwardRef(Toolbar))>
      <WithStyles(ForwardRef(Typography))
        color="inherit"
        noWrap={true}
        variant="h6"
      >
        <Link
          style={
            Object {
              "color": "#FFF",
              "textDecoration": "none",
            }
          }
          to="/login"
        >
          NextGenShop
        </Link>
      </WithStyles(ForwardRef(Typography))>
    </WithStyles(ForwardRef(Toolbar))>
  </WithStyles(ForwardRef(AppBar))>
  <main
    className="makeStyles-layout-2"
  >
    <WithStyles(ForwardRef(Paper))
      className="makeStyles-paper-3"
    >
      <StepForm />
    </WithStyles(ForwardRef(Paper))>
  </main>
</Fragment>
`;
