// Jest Snapshot v1, https://goo.gl/fbAQLP

exports[`Navbar should correctly render 1`] = `
<div
  className="makeStyles-root-1"
>
  <WithStyles(ForwardRef(AppBar))
    position="sticky"
  >
    <WithStyles(ForwardRef(Toolbar))>
      <WithStyles(ForwardRef(Typography))
        className="makeStyles-title-2"
        variant="h6"
      >
        NextGenShop
      </WithStyles(ForwardRef(Typography))>
      <WithStyles(ForwardRef(Button))
        color="inherit"
        component={
          Object {
            "$$typeof": Symbol(react.forward_ref),
            "propTypes": Object {
              "innerRef": [Function],
              "onClick": [Function],
              "replace": [Function],
              "target": [Function],
              "to": [Function],
            },
            "render": [Function],
          }
        }
        to="/login"
      >
        Login
      </WithStyles(ForwardRef(Button))>
      <WithStyles(ForwardRef(Button))
        color="inherit"
        component={
          Object {
            "$$typeof": Symbol(react.forward_ref),
            "propTypes": Object {
              "innerRef": [Function],
              "onClick": [Function],
              "replace": [Function],
              "target": [Function],
              "to": [Function],
            },
            "render": [Function],
          }
        }
        to="/register"
      >
        Register
      </WithStyles(ForwardRef(Button))>
    </WithStyles(ForwardRef(Toolbar))>
  </WithStyles(ForwardRef(AppBar))>
</div>
`;
